BL51 BANKED LINKER/LOCATER V6.22                                                        07/22/2013  15:13:06  PAGE 1


BL51 BANKED LINKER/LOCATER V6.22, INVOKED BY:
C:\KEIL\C51\BIN\BL51.EXE STARTUP.obj, main.obj, LCD.obj, sys.obj TO ceshi RAMSIZE (256)


MEMORY MODEL: LARGE


INPUT MODULES INCLUDED:
  STARTUP.obj (?C_STARTUP)
  main.obj (MAIN)
  LCD.obj (LCD)
  sys.obj (SYS)


LINK MAP OF MODULE:  ceshi (?C_STARTUP)


            TYPE    BASE      LENGTH    RELOCATION   SEGMENT NAME
            -----------------------------------------------------

            * * * * * * *   D A T A   M E M O R Y   * * * * * * *
            REG     0000H     0008H     ABSOLUTE     "REG BANK 0"
            IDATA   0008H     0001H     UNIT         ?STACK

            * * * * * * *  X D A T A   M E M O R Y  * * * * * * *
            XDATA   0000H     000CH     UNIT         _XDATA_GROUP_
            XDATA   000CH     0004H     UNIT         ?XD?LCD

            * * * * * * *   C O D E   M E M O R Y   * * * * * * *
            CODE    0000H     0003H     ABSOLUTE     
            CODE    0003H     005CH     UNIT         ?PR?_LCD_CLEAR?LCD
            CODE    005FH     0053H     UNIT         ?PR?_ADDRESS_SET?LCD
            CODE    00B2H     0031H     UNIT         ?PR?MAIN?MAIN
            CODE    00E3H     0026H     UNIT         ?PR?_DELAYMS?SYS
            CODE    0109H     0024H     UNIT         ?PR?LCD_INIT?LCD
            CODE    012DH     001DH     UNIT         ?PR?_WRITEPAGE?MAIN
            CODE    014AH     001BH     UNIT         ?PR?_SHOWPAGE?MAIN
            CODE    0165H     000CH     UNIT         ?C_C51STARTUP
            CODE    0171H     000BH     UNIT         ?PR?_LCD_WRIT_BUS?LCD
            CODE    017CH     000BH     UNIT         ?PR?_LCD_WR_DATA?LCD
            CODE    0187H     000BH     UNIT         ?PR?_LCD_WR_REG?LCD
            CODE    0192H     0005H     UNIT         ?PR?_LCD_WR_DATA8?LCD



OVERLAY MAP OF MODULE:   ceshi (?C_STARTUP)


SEGMENT                          XDATA_GROUP
  +--> CALLED SEGMENT          START    LENGTH
----------------------------------------------
?C_C51STARTUP                  -----    -----
  +--> ?PR?MAIN?MAIN

?PR?MAIN?MAIN                  0000H    0001H
  +--> ?PR?LCD_INIT?LCD
  +--> ?PR?_WRITEPAGE?MAIN
  +--> ?PR?_LCD_CLEAR?LCD
BL51 BANKED LINKER/LOCATER V6.22                                                      07/22/2013  15:13:06  PAGE 2


  +--> ?PR?_SHOWPAGE?MAIN

?PR?LCD_INIT?LCD               -----    -----
  +--> ?PR?_DELAYMS?SYS
  +--> ?PR?_LCD_WR_REG?LCD
  +--> ?PR?_LCD_WR_DATA?LCD

?PR?_LCD_WR_REG?LCD            -----    -----
  +--> ?PR?_LCD_WRIT_BUS?LCD

?PR?_LCD_WR_DATA?LCD           -----    -----
  +--> ?PR?_LCD_WRIT_BUS?LCD

?PR?_WRITEPAGE?MAIN            0001H    0001H
  +--> ?PR?_LCD_WR_REG?LCD
  +--> ?PR?_LCD_WR_DATA?LCD

?PR?_LCD_CLEAR?LCD             0001H    0003H
  +--> ?PR?_ADDRESS_SET?LCD
  +--> ?PR?_LCD_WR_DATA8?LCD

?PR?_ADDRESS_SET?LCD           0004H    0008H
  +--> ?PR?_LCD_WR_REG?LCD
  +--> ?PR?_LCD_WR_DATA?LCD

?PR?_LCD_WR_DATA8?LCD          -----    -----
  +--> ?PR?_LCD_WRIT_BUS?LCD

?PR?_SHOWPAGE?MAIN             0001H    0001H
  +--> ?PR?_LCD_WR_REG?LCD
  +--> ?PR?_LCD_WR_DATA?LCD



SYMBOL TABLE OF MODULE:  ceshi (?C_STARTUP)

  VALUE           TYPE          NAME
  ----------------------------------

  -------         MODULE        ?C_STARTUP
  C:0165H         SEGMENT       ?C_C51STARTUP
  I:0008H         SEGMENT       ?STACK
  C:0000H         PUBLIC        ?C_STARTUP
  D:00E0H         SYMBOL        ACC
  D:00F0H         SYMBOL        B
  D:0083H         SYMBOL        DPH
  D:0082H         SYMBOL        DPL
  N:0000H         SYMBOL        IBPSTACK
  N:0100H         SYMBOL        IBPSTACKTOP
  N:0080H         SYMBOL        IDATALEN
  C:0168H         SYMBOL        IDATALOOP
  N:0000H         SYMBOL        PBPSTACK
  N:0100H         SYMBOL        PBPSTACKTOP
  N:0000H         SYMBOL        PDATALEN
  N:0000H         SYMBOL        PDATASTART
  N:0000H         SYMBOL        PPAGE
  N:0000H         SYMBOL        PPAGEENABLE
BL51 BANKED LINKER/LOCATER V6.22                                                      07/22/2013  15:13:06  PAGE 3


  D:00A0H         SYMBOL        PPAGE_SFR
  D:0081H         SYMBOL        SP
  C:0165H         SYMBOL        STARTUP1
  N:0000H         SYMBOL        XBPSTACK
  N:0000H         SYMBOL        XBPSTACKTOP
  N:0000H         SYMBOL        XDATALEN
  N:0000H         SYMBOL        XDATASTART
  C:0000H         LINE#         126
  C:0165H         LINE#         133
  C:0167H         LINE#         134
  C:0168H         LINE#         135
  C:0169H         LINE#         136
  C:016BH         LINE#         185
  C:016EH         LINE#         196
  -------         ENDMOD        ?C_STARTUP

  -------         MODULE        MAIN
  C:0000H         SYMBOL        _ICE_DUMMY_
  D:0090H         PUBLIC        P1
  D:00B0H         PUBLIC        P3
  C:0134H         PUBLIC        _WritePage
  C:014FH         PUBLIC        _ShowPage
  C:00B2H         PUBLIC        main
  C:012DH         SYMBOL        L?0007
  -------         PROC          L?0006
  -------         ENDPROC       L?0006
  C:012DH         SYMBOL        L?0007
  -------         PROC          _WRITEPAGE
  X:0001H         SYMBOL        index
  C:0134H         LINE#         14
  C:0139H         LINE#         15
  C:0139H         LINE#         16
  C:0140H         LINE#         17
  -------         ENDPROC       _WRITEPAGE
  C:014AH         SYMBOL        L?0009
  -------         PROC          L?0008
  -------         ENDPROC       L?0008
  C:014AH         SYMBOL        L?0009
  -------         PROC          _SHOWPAGE
  X:0001H         SYMBOL        index
  C:014FH         LINE#         19
  C:0154H         LINE#         20
  C:0154H         LINE#         21
  C:015BH         LINE#         22
  -------         ENDPROC       _SHOWPAGE
  -------         PROC          MAIN
  -------         DO            
  X:0000H         SYMBOL        pp
  -------         ENDDO         
  C:00B2H         LINE#         25
  C:00B2H         LINE#         26
  C:00B2H         LINE#         27
  C:00B7H         LINE#         28
  C:00BAH         LINE#         29
  C:00BAH         LINE#         30
  C:00BAH         LINE#         31
  C:00BAH         LINE#         32
BL51 BANKED LINKER/LOCATER V6.22                                                      07/22/2013  15:13:06  PAGE 4


  C:00BDH         LINE#         33
  C:00C4H         LINE#         34
  C:00C7H         LINE#         36
  C:00C7H         LINE#         37
  C:00CAH         LINE#         38
  C:00D1H         LINE#         39
  C:00D4H         LINE#         41
  C:00D4H         LINE#         42
  C:00D7H         LINE#         43
  C:00DEH         LINE#         44
  C:00E1H         LINE#         45
  -------         ENDPROC       MAIN
  -------         ENDMOD        MAIN

  -------         MODULE        LCD
  C:0000H         SYMBOL        _ICE_DUMMY_
  D:0080H         PUBLIC        P0
  D:0090H         PUBLIC        P1
  D:00A0H         PUBLIC        P2
  D:00B0H         PUBLIC        P3
  C:0109H         PUBLIC        Lcd_Init
  C:0192H         PUBLIC        _LCD_WR_DATA8
  C:0187H         PUBLIC        _LCD_WR_REG
  C:0003H         PUBLIC        _LCD_Clear
  B:0090H.0       PUBLIC        LCD_CS
  B:00B0H.7       PUBLIC        LCD_RD
  C:017CH         PUBLIC        _LCD_WR_DATA
  B:00B0H.5       PUBLIC        LCD_RS
  B:00B0H.6       PUBLIC        LCD_WR
  C:0171H         PUBLIC        _LCD_Writ_Bus
  X:000CH         PUBLIC        POINT_COLOR
  X:000EH         PUBLIC        BACK_COLOR
  B:0090H.2       PUBLIC        LCD_REST
  C:005FH         PUBLIC        _Address_set
  -------         PROC          _LCD_WRIT_BUS
  D:0007H         SYMBOL        VH
  D:0005H         SYMBOL        VL
  C:0171H         LINE#         7
  C:0171H         LINE#         8
  C:0171H         LINE#         9
  C:0173H         LINE#         10
  C:0177H         LINE#         11
  C:0179H         LINE#         12
  C:017BH         LINE#         13
  -------         ENDPROC       _LCD_WRIT_BUS
  -------         PROC          _LCD_WR_DATA8
  D:0007H         SYMBOL        VH
  D:0005H         SYMBOL        VL
  C:0192H         LINE#         14
  C:0192H         LINE#         15
  C:0192H         LINE#         16
  C:0194H         LINE#         17
  -------         ENDPROC       _LCD_WR_DATA8
  -------         PROC          _LCD_WR_DATA
  D:0004H         SYMBOL        da
  C:017CH         LINE#         19
  C:0180H         LINE#         20
BL51 BANKED LINKER/LOCATER V6.22                                                      07/22/2013  15:13:06  PAGE 5


  C:0180H         LINE#         21
  C:0182H         LINE#         22
  -------         ENDPROC       _LCD_WR_DATA
  -------         PROC          _LCD_WR_REG
  D:0004H         SYMBOL        da
  C:0187H         LINE#         24
  C:018BH         LINE#         25
  C:018BH         LINE#         26
  C:018DH         LINE#         27
  -------         ENDPROC       _LCD_WR_REG
  -------         PROC          _ADDRESS_SET
  X:0004H         SYMBOL        x1
  D:0082H         SYMBOL        y1
  D:0002H         SYMBOL        x2
  X:000AH         SYMBOL        y2
  C:005FH         LINE#         30
  C:006BH         LINE#         31
  C:006BH         LINE#         32
  C:0072H         LINE#         33
  C:0079H         LINE#         34
  C:0080H         LINE#         35
  C:008BH         LINE#         36
  C:0092H         LINE#         37
  C:009DH         LINE#         38
  C:00A4H         LINE#         39
  C:00ABH         LINE#         40
  -------         ENDPROC       _ADDRESS_SET
  -------         PROC          LCD_INIT
  C:0109H         LINE#         42
  C:0109H         LINE#         43
  C:0109H         LINE#         45
  C:010BH         LINE#         46
  C:010DH         LINE#         47
  C:010FH         LINE#         48
  C:0116H         LINE#         49
  C:0118H         LINE#         50
  C:011FH         LINE#         51
  C:0121H         LINE#         53
  C:0128H         LINE#         54
  -------         ENDPROC       LCD_INIT
  -------         PROC          _LCD_CLEAR
  D:0004H         SYMBOL        Color
  -------         DO            
  X:0001H         SYMBOL        VH
  D:0001H         SYMBOL        VL
  X:0002H         SYMBOL        i
  D:0002H         SYMBOL        j
  -------         ENDDO         
  C:0003H         LINE#         60
  C:0005H         LINE#         61
  C:0005H         LINE#         64
  C:000AH         LINE#         65
  C:000CH         LINE#         66
  C:0022H         LINE#         67
  C:0029H         LINE#         68
  C:0029H         LINE#         69
  C:002CH         LINE#         70
BL51 BANKED LINKER/LOCATER V6.22                                                      07/22/2013  15:13:06  PAGE 6


  C:002CH         LINE#         71
  C:0036H         LINE#         72
  C:0041H         LINE#         74
  C:005EH         LINE#         75
  -------         ENDPROC       _LCD_CLEAR
  -------         ENDMOD        LCD

  -------         MODULE        SYS
  C:0000H         SYMBOL        _ICE_DUMMY_
  C:00E3H         PUBLIC        _delayms
  -------         PROC          _DELAYMS
  D:0006H         SYMBOL        count
  -------         DO            
  D:0004H         SYMBOL        i
  D:0002H         SYMBOL        j
  -------         ENDDO         
  C:00E3H         LINE#         4
  C:00E3H         LINE#         5
  C:00E3H         LINE#         7
  C:00F3H         LINE#         8
  C:0108H         LINE#         9
  -------         ENDPROC       _DELAYMS
  -------         ENDMOD        SYS

Program Size: data=9.0 xdata=16 code=407
LINK/LOCATE RUN COMPLETE.  0 WARNING(S),  0 ERROR(S)
