<html>
<body>
<pre>
<h1>µVision Build Log</h1>
<h2>Project:</h2>
C:\Users\durgesh\dev\3150\customer\razer\software\csps\lpc313x\bsps\ea3131\examples\usbdisp\usbdisp.uvproj
Project File Date:  06/04/2010

<h2>Output:</h2>
Build target 'Target 1'
compiling lpc3152_codec_driver.c...
..\..\..\..\source\lpc3152_codec_driver.c(347): warning:  #61-D: integer operation result is out of range
..\..\..\..\source\lpc3152_codec_driver.c:       curval = ((1 << 31) | (1 << 30) | (0x3 << 10) |
..\..\..\..\source\lpc3152_codec_driver.c:                       ^
..\..\..\..\source\lpc3152_codec_driver.c: ..\..\..\..\source\lpc3152_codec_driver.c: 1 warning, 0 errors
compiling lpc313x_adc10b_driver.c...
compiling lpc313x_cgu_default.c...
compiling lpc313x_cgu_driver.c...
..\..\..\..\source\lpc313x_cgu_driver.c(581): warning:  #177-D: variable "i" was declared but never referenced
..\..\..\..\source\lpc313x_cgu_driver.c:     UNS_32 i;
..\..\..\..\source\lpc313x_cgu_driver.c:            ^
..\..\..\..\source\lpc313x_cgu_driver.c: ..\..\..\..\source\lpc313x_cgu_driver.c: 1 warning, 0 errors
compiling lpc313x_crc_driver.c...
compiling lpc313x_dma_driver.c...
compiling lpc313x_evt_driver.c...
compiling lpc313x_i2c_driver.c...
compiling lpc313x_i2s_clock_driver.c...
compiling lpc313x_i2s_driver.c...
compiling lpc313x_intc_driver.c...
compiling lpc313x_ipint_driver.c...
compiling lpc313x_mci_driver.c...
compiling lpc313x_mstr_i2c_driver.c...
compiling lpc313x_nand_driver.c...
..\..\..\..\source\lpc313x_nand_driver.c(303): warning:  #550-D: variable "tmp" was set but never used
..\..\..\..\source\lpc313x_nand_driver.c:     UNS_32 tmp;
..\..\..\..\source\lpc313x_nand_driver.c:            ^
..\..\..\..\source\lpc313x_nand_driver.c: ..\..\..\..\source\lpc313x_nand_driver.c: 1 warning, 0 errors
compiling lpc313x_pwm_driver.c...
compiling lpc313x_spi_driver.c...
compiling lpc313x_timer_driver.c...
compiling lpc313x_uart_driver.c...
compiling lpc313x_usbdcd.c...
compiling lpc313x_wdt_driver.c...
compiling lpc315x_otp_driver.c...
compiling lpc315x_psu_driver.c...
compiling lpc315x_rtc_driver.c...
assembling lpc313x_vectors.s...
compiling ea3131_board.c...
compiling ea3131_spinor.c...
compiling lpc313x_pca9532_driver.c...
compiling uda1380_codec_driver.c...
compiling ea3131_startup.c...
..\..\startup\ea3131_startup.c(227): warning:  #550-D: variable "tmp" was set but never used
..\..\startup\ea3131_startup.c:     UNS_32 tmp;
..\..\startup\ea3131_startup.c:            ^
..\..\startup\ea3131_startup.c: ..\..\startup\ea3131_startup.c: 1 warning, 0 errors
assembling ea3131_startup_entry.s...
assembling pad.s...
..\..\startup\pad.s(6): warning: A1479W: Requested alignment 512 is greater than area alignment 4, which has been increased
..\..\startup\pad.s:     6 00000000  ALIGN 512
..\..\startup\pad.s: 0 Errors, 1 Warning
compiling ea3131_lcd.c...
compiling usbdesc.c...
compiling main.c...
compiling usbcore.c...
..\..\..\..\..\..\ip\usbd\source\usbcore.c(385): warning:  #111-D: statement is unreachable
..\..\..\..\..\..\ip\usbd\source\usbcore.c:         break;
..\..\..\..\..\..\ip\usbd\source\usbcore.c:         ^
..\..\..\..\..\..\ip\usbd\source\usbcore.c(894): warning:  #177-D: label "setup_class_ok" was declared but never referenced
..\..\..\..\..\..\ip\usbd\source\usbcore.c:   setup_class_ok:                                                          /* request finished successfully */
..\..\..\..\..\..\ip\usbd\source\usbcore.c:   ^
..\..\..\..\..\..\ip\usbd\source\usbcore.c(1047): warning:  #177-D: label "out_class_ok" was declared but never referenced
..\..\..\..\..\..\ip\usbd\source\usbcore.c:   out_class_ok:                                                            /* request finished successfully */
..\..\..\..\..\..\ip\usbd\source\usbcore.c:   ^
..\..\..\..\..\..\ip\usbd\source\usbcore.c: ..\..\..\..\..\..\ip\usbd\source\usbcore.c: 3 warnings, 0 errors
compiling lpc_x6x13.c...
compiling lpc_api.c...
compiling lpc_arm922t_cp15_driver.c...
compiling lpc_bmp.c...
compiling lpc_colors.c...
compiling lpc_fat16.c...
compiling lpc_fat16_private.c...
compiling lpc_fonts.c...
compiling lpc_heap.c...
compiling lpc_helvr10.c...
compiling lpc_lbecc.c...
compiling lpc_lcd_params.c...
compiling lpc_line_parser.c...
compiling lpc_nandflash_params.c...
compiling lpc_rom8x8.c...
compiling lpc_rom8x16.c...
compiling lpc_string.c...
compiling lpc_swim.c...
compiling lpc_swim_font.c...
compiling lpc_swim_image.c...
compiling lpc_winfreesystem14x16.c...
compiling lpc_x5x7.c...
linking...
Program Size: Code=25644 RO-data=1024 RW-data=472 ZI-data=3228  
User command #1: fromelf.exe --output "C:\Users\durgesh\dev\3150\customer\razer\software\csps\lpc313x\bsps\ea3131\examples\usbdisp\\usbdisp.bin" --bin "C:\Users\durgesh\dev\3150\customer\razer\software\csps\lpc313x\bsps\ea3131\examples\usbdisp\/output/usbdisp.axf"
".\output\usbdisp.axf" - 0 Error(s), 8 Warning(s).
Clean started: Project: 'usbdisp'
   deleting intermediate output files for target 'Target 1'
